Flow report for DAC904_HighSpeedDAC
Fri Jul 31 18:46:46 2026
Quartus II 64-Bit Version 13.1.0 Build 162 10/23/2013 SJ Full Version


---------------------
; Table of Contents ;
---------------------
  1. Legal Notice
  2. Flow Summary
  3. Flow Settings
  4. Flow Non-Default Global Settings
  5. Flow Elapsed Time
  6. Flow OS Summary
  7. Flow Log
  8. Flow Messages
  9. Flow Suppressed Messages



----------------
; Legal Notice ;
----------------
Copyright (C) 1991-2013 Altera Corporation
Your use of Altera Corporation's design tools, logic functions 
and other software and tools, and its AMPP partner logic 
functions, and any output files from any of the foregoing 
(including device programming or simulation files), and any 
associated documentation or information are expressly subject 
to the terms and conditions of the Altera Program License 
Subscription Agreement, Altera MegaCore Function License 
Agreement, or other applicable license agreement, including, 
without limitation, that your use is for the sole purpose of 
programming logic devices manufactured by Altera and sold by 
Altera or its authorized distributors.  Please refer to the 
applicable agreement for further details.



+----------------------------------------------------------------------------------+
; Flow Summary                                                                     ;
+------------------------------------+---------------------------------------------+
; Flow Status                        ; Successful - Fri Jul 31 18:46:46 2026       ;
; Quartus II 64-Bit Version          ; 13.1.0 Build 162 10/23/2013 SJ Full Version ;
; Revision Name                      ; DAC904_HighSpeedDAC                         ;
; Top-level Entity Name              ; DAC904_WriteTEST                            ;
; Family                             ; Cyclone IV E                                ;
; Device                             ; EP4CE10F17C8                                ;
; Timing Models                      ; Final                                       ;
; Total logic elements               ; 5,684 / 10,320 ( 55 % )                     ;
;     Total combinational functions  ; 4,091 / 10,320 ( 40 % )                     ;
;     Dedicated logic registers      ; 3,589 / 10,320 ( 35 % )                     ;
; Total registers                    ; 3602                                        ;
; Total pins                         ; 42 / 180 ( 23 % )                           ;
; Total virtual pins                 ; 25                                          ;
; Total memory bits                  ; 49,152 / 423,936 ( 12 % )                   ;
; Embedded Multiplier 9-bit elements ; 14 / 46 ( 30 % )                            ;
; Total PLLs                         ; 1 / 2 ( 50 % )                              ;
+------------------------------------+---------------------------------------------+


+-----------------------------------------+
; Flow Settings                           ;
+-------------------+---------------------+
; Option            ; Setting             ;
+-------------------+---------------------+
; Start date & time ; 07/31/2026 18:45:18 ;
; Main task         ; Compilation         ;
; Revision Name     ; DAC904_HighSpeedDAC ;
+-------------------+---------------------+


+-------------------------------------------------------------------------------------------------------------------------------------------------------------------------+
; Flow Non-Default Global Settings                                                                                                                                        ;
+-------------------------------------+-------------------------------------------------------------------------+---------------------+------------------+----------------+
; Assignment Name                     ; Value                                                                   ; Default Value       ; Entity Name      ; Section Id     ;
+-------------------------------------+-------------------------------------------------------------------------+---------------------+------------------+----------------+
; COMPILER_SIGNATURE_ID               ; 5218849657993.178549471804428                                           ; --                  ; --               ; --             ;
; EDA_GENERATE_FUNCTIONAL_NETLIST     ; On                                                                      ; --                  ; --               ; eda_simulation ;
; EDA_NETLIST_WRITER_OUTPUT_DIR       ; D:/diansai2025/DAC904_HighSpeedDAC_V1.6-SinExample/prj/simulation/qsim/ ; --                  ; --               ; eda_simulation ;
; EDA_OUTPUT_DATA_FORMAT              ; Verilog Hdl                                                             ; --                  ; --               ; eda_simulation ;
; EDA_SIMULATION_TOOL                 ; ModelSim-Altera (Verilog)                                               ; <None>              ; --               ; --             ;
; MAX_CORE_JUNCTION_TEMP              ; 85                                                                      ; --                  ; --               ; --             ;
; MIN_CORE_JUNCTION_TEMP              ; 0                                                                       ; --                  ; --               ; --             ;
; OUTPUT_IO_TIMING_FAR_END_VMEAS      ; Half Signal Swing                                                       ; --                  ; --               ; --             ;
; OUTPUT_IO_TIMING_FAR_END_VMEAS      ; Half Signal Swing                                                       ; --                  ; --               ; --             ;
; OUTPUT_IO_TIMING_NEAR_END_VMEAS     ; Half Vccio                                                              ; --                  ; --               ; --             ;
; OUTPUT_IO_TIMING_NEAR_END_VMEAS     ; Half Vccio                                                              ; --                  ; --               ; --             ;
; PARTITION_COLOR                     ; 16764057                                                                ; --                  ; DAC904_WriteTEST ; Top            ;
; PARTITION_FITTER_PRESERVATION_LEVEL ; PLACEMENT_AND_ROUTING                                                   ; --                  ; DAC904_WriteTEST ; Top            ;
; PARTITION_NETLIST_TYPE              ; SOURCE                                                                  ; --                  ; DAC904_WriteTEST ; Top            ;
; POWER_BOARD_THERMAL_MODEL           ; None (CONSERVATIVE)                                                     ; --                  ; --               ; --             ;
; POWER_PRESET_COOLING_SOLUTION       ; 23 MM HEAT SINK WITH 200 LFPM AIRFLOW                                   ; --                  ; --               ; --             ;
; TOP_LEVEL_ENTITY                    ; DAC904_WriteTEST                                                        ; DAC904_HighSpeedDAC ; --               ; --             ;
+-------------------------------------+-------------------------------------------------------------------------+---------------------+------------------+----------------+


+-------------------------------------------------------------------------------------------------------------------------------+
; Flow Elapsed Time                                                                                                             ;
+---------------------------+--------------+-------------------------+---------------------+------------------------------------+
; Module Name               ; Elapsed Time ; Average Processors Used ; Peak Virtual Memory ; Total CPU Time (on all processors) ;
+---------------------------+--------------+-------------------------+---------------------+------------------------------------+
; Analysis & Synthesis      ; 00:00:19     ; 1.0                     ; 4748 MB             ; 00:00:16                           ;
; Fitter                    ; 00:00:48     ; 2.6                     ; 5885 MB             ; 00:00:43                           ;
; Assembler                 ; 00:00:03     ; 1.0                     ; 4613 MB             ; 00:00:03                           ;
; TimeQuest Timing Analyzer ; 00:00:06     ; 1.4                     ; 4824 MB             ; 00:00:08                           ;
; EDA Netlist Writer        ; 00:00:02     ; 1.0                     ; 4594 MB             ; 00:00:02                           ;
; Total                     ; 00:01:18     ; --                      ; --                  ; 00:01:12                           ;
+---------------------------+--------------+-------------------------+---------------------+------------------------------------+


+----------------------------------------------------------------------------------------+
; Flow OS Summary                                                                        ;
+---------------------------+------------------+-----------+------------+----------------+
; Module Name               ; Machine Hostname ; OS Name   ; OS Version ; Processor type ;
+---------------------------+------------------+-----------+------------+----------------+
; Analysis & Synthesis      ; DESKTOP-6L003RM  ; Windows 7 ; 6.2        ; x86_64         ;
; Fitter                    ; DESKTOP-6L003RM  ; Windows 7 ; 6.2        ; x86_64         ;
; Assembler                 ; DESKTOP-6L003RM  ; Windows 7 ; 6.2        ; x86_64         ;
; TimeQuest Timing Analyzer ; DESKTOP-6L003RM  ; Windows 7 ; 6.2        ; x86_64         ;
; EDA Netlist Writer        ; DESKTOP-6L003RM  ; Windows 7 ; 6.2        ; x86_64         ;
+---------------------------+------------------+-----------+------------+----------------+


------------
; Flow Log ;
------------
quartus_map --read_settings_files=on --write_settings_files=off DAC904_HighSpeedDAC -c DAC904_HighSpeedDAC
quartus_fit --read_settings_files=off --write_settings_files=off DAC904_HighSpeedDAC -c DAC904_HighSpeedDAC
quartus_asm --read_settings_files=off --write_settings_files=off DAC904_HighSpeedDAC -c DAC904_HighSpeedDAC
quartus_sta DAC904_HighSpeedDAC -c DAC904_HighSpeedDAC
quartus_eda --read_settings_files=off --write_settings_files=off DAC904_HighSpeedDAC -c DAC904_HighSpeedDAC



