*** Using Compiler 'V6.24', folder: 'E:\keil\ARM\ARMCLANG\Bin'
Build target 'Project'
compiling adc.c...
compiling dma.c...
compiling tim.c...
compiling main.c...
compiling gpio.c...
compiling stm32h7xx_it.c...
compiling stm32h7xx_hal_msp.c...
compiling spi.c...
compiling usart.c...
compiling stm32h7xx_hal_adc_ex.c...
compiling stm32h7xx_hal_adc.c...
compiling stm32h7xx_hal_flash.c...
compiling stm32h7xx_hal_rcc.c...
compiling stm32h7xx_hal_rcc_ex.c...
compiling stm32h7xx_hal_hsem.c...
compiling stm32h7xx_hal_gpio.c...
compiling stm32h7xx_hal_flash_ex.c...
compiling stm32h7xx_hal_pwr.c...
compiling stm32h7xx_hal_dma_ex.c...
compiling stm32h7xx_hal_pwr_ex.c...
compiling stm32h7xx_hal_mdma.c...
compiling stm32h7xx_hal_dma.c...
compiling stm32h7xx_hal.c...
compiling stm32h7xx_hal_cortex.c...
compiling stm32h7xx_hal_i2c_ex.c...
compiling stm32h7xx_hal_exti.c...
compiling stm32h7xx_hal_spi_ex.c...
compiling stm32h7xx_hal_spi.c...
compiling stm32h7xx_hal_uart_ex.c...
compiling stm32h7xx_hal_tim_ex.c...
compiling stm32h7xx_hal_i2c.c...
compiling system_stm32h7xx.c...
compiling stm32h7xx_hal_uart.c...
compiling g_var.c...
compiling stm32h7xx_hal_tim.c...
compiling Command.c...
compiling MY_Math.c...
compiling CallBack.c...
compiling fpga_capture.c...
compiling Justfloat.c...
compiling My_FFT.c...
compiling BasicMathFunctionsF16.c...
compiling BayesFunctions.c...
compiling BayesFunctionsF16.c...
compiling signal_analyzer.c...
compiling BasicMathFunctions.c...
compiling hmi_display.c...
compiling ComplexMathFunctions.c...
compiling CommonTablesF16.c...
compiling ControllerFunctions.c...
compiling ComplexMathFunctionsF16.c...
compiling DistanceFunctionsF16.c...
compiling FastMathFunctionsF16.c...
compiling DistanceFunctions.c...
compiling FastMathFunctions.c...
compiling FilteringFunctionsF16.c...
compiling InterpolationFunctions.c...
compiling InterpolationFunctionsF16.c...
compiling QuaternionMathFunctions.c...
compiling CommonTables.c...
compiling SVMFunctions.c...
compiling SVMFunctionsF16.c...
compiling MatrixFunctionsF16.c...
compiling StatisticsFunctionsF16.c...
compiling MatrixFunctions.c...
compiling StatisticsFunctions.c...
compiling SupportFunctionsF16.c...
compiling SupportFunctions.c...
compiling WindowFunctions.c...
compiling FilteringFunctions.c...
compiling TransformFunctionsF16.c...
compiling TransformFunctions.c...
linking...
Program Size: Code=106604 RO-data=92220 RW-data=16476 ZI-data=127788  
FromELF: creating hex file...
"Project\Project.axf" - 0 Error(s), 0 Warning(s).
Build Time Elapsed:  00:00:10
