# vsim -c -l D:\diansai2025\26Diansai_G_62m5\FPGA_sendwave\sim\..\reports\62m5\modelsim\tb_analyzer_spi_slave.log -do "run -all; quit -f" work.tb_analyzer_spi_slave 
# Start time: 19:01:53 on Jul 31,2026
# ** Note: (vsim-3812) Design is being optimized...
# //  ModelSim SE-64 2019.2 Apr 17 2019
# //
# //  Copyright 1991-2019 Mentor Graphics Corporation
# //  All Rights Reserved.
# //
# //  ModelSim SE-64 and its associated documentation contain trade
# //  secrets and commercial or financial information that are the property of
# //  Mentor Graphics Corporation and are privileged, confidential,
# //  and exempt from disclosure under the Freedom of Information Act,
# //  5 U.S.C. Section 552. Furthermore, this information
# //  is prohibited from disclosure under the Trade Secrets Act,
# //  18 U.S.C. Section 1905.
# //
# Loading work.tb_analyzer_spi_slave(fast)
# run -all
# response[0]=5aa5
# response[1]=0002
# response[2]=000b
# response[3]=002a
# response[4]=07a1
# TB_PASS
# ** Note: $finish    : tb_analyzer_spi_slave.v(92)
#    Time: 6060 ns  Iteration: 0  Instance: /tb_analyzer_spi_slave
# End time: 19:01:56 on Jul 31,2026, Elapsed time: 0:00:03
# Errors: 0, Warnings: 0
