# vsim -c -l D:\diansai2025\26Diansai_G_62m5\FPGA_sendwave\sim\..\reports\62m5\modelsim\tb_ad9233_spi_init.log -do "run -all; quit -f" work.tb_ad9233_spi_init 
# Start time: 19:01:49 on Jul 31,2026
# ** Note: (vsim-3812) Design is being optimized...
# //  ModelSim SE-64 2019.2 Apr 17 2019
# //
# //  Copyright 1991-2019 Mentor Graphics Corporation
# //  All Rights Reserved.
# //
# //  ModelSim SE-64 and its associated documentation contain trade
# //  secrets and commercial or financial information that are the property of
# //  Mentor Graphics Corporation and are privileged, confidential,
# //  and exempt from disclosure under the Freedom of Information Act,
# //  5 U.S.C. Section 552. Furthermore, this information
# //  is prohibited from disclosure under the Trade Secrets Act,
# //  18 U.S.C. Section 1905.
# //
# Loading work.tb_ad9233_spi_init(fast)
# run -all
# TB_PASS adc_spi_init five frames checker mode
# ** Note: $finish    : tb_ad9233_spi_init.v(50)
#    Time: 5140 ns  Iteration: 1  Instance: /tb_ad9233_spi_init
# End time: 19:01:52 on Jul 31,2026, Elapsed time: 0:00:03
# Errors: 0, Warnings: 0
