------------------------------------------------------------
TimeQuest Timing Analyzer Summary
------------------------------------------------------------

Type  : Slow 1200mV 85C Model Setup 'adc_dco'
Slack : 1.225
TNS   : 0.000

Type  : Slow 1200mV 85C Model Setup 'clk_50m'
Slack : 14.192
TNS   : 0.000

Type  : Slow 1200mV 85C Model Setup 'mcu_spi_sck'
Slack : 22.205
TNS   : 0.000

Type  : Slow 1200mV 85C Model Setup 'altera_reserved_tck'
Slack : 42.625
TNS   : 0.000

Type  : Slow 1200mV 85C Model Hold 'adc_dco'
Slack : 0.413
TNS   : 0.000

Type  : Slow 1200mV 85C Model Hold 'altera_reserved_tck'
Slack : 0.452
TNS   : 0.000

Type  : Slow 1200mV 85C Model Hold 'clk_50m'
Slack : 0.453
TNS   : 0.000

Type  : Slow 1200mV 85C Model Hold 'mcu_spi_sck'
Slack : 0.485
TNS   : 0.000

Type  : Slow 1200mV 85C Model Recovery 'altera_reserved_tck'
Slack : 48.298
TNS   : 0.000

Type  : Slow 1200mV 85C Model Removal 'altera_reserved_tck'
Slack : 1.309
TNS   : 0.000

Type  : Slow 1200mV 85C Model Minimum Pulse Width 'adc_dco'
Slack : 7.397
TNS   : 0.000

Type  : Slow 1200mV 85C Model Minimum Pulse Width 'clk_50m'
Slack : 9.785
TNS   : 0.000

Type  : Slow 1200mV 85C Model Minimum Pulse Width 'mcu_spi_sck'
Slack : 41.315
TNS   : 0.000

Type  : Slow 1200mV 85C Model Minimum Pulse Width 'altera_reserved_tck'
Slack : 49.589
TNS   : 0.000

Type  : Slow 1200mV 0C Model Setup 'adc_dco'
Slack : 1.358
TNS   : 0.000

Type  : Slow 1200mV 0C Model Setup 'clk_50m'
Slack : 14.573
TNS   : 0.000

Type  : Slow 1200mV 0C Model Setup 'mcu_spi_sck'
Slack : 22.738
TNS   : 0.000

Type  : Slow 1200mV 0C Model Setup 'altera_reserved_tck'
Slack : 43.078
TNS   : 0.000

Type  : Slow 1200mV 0C Model Hold 'adc_dco'
Slack : 0.400
TNS   : 0.000

Type  : Slow 1200mV 0C Model Hold 'altera_reserved_tck'
Slack : 0.400
TNS   : 0.000

Type  : Slow 1200mV 0C Model Hold 'clk_50m'
Slack : 0.402
TNS   : 0.000

Type  : Slow 1200mV 0C Model Hold 'mcu_spi_sck'
Slack : 0.430
TNS   : 0.000

Type  : Slow 1200mV 0C Model Recovery 'altera_reserved_tck'
Slack : 48.569
TNS   : 0.000

Type  : Slow 1200mV 0C Model Removal 'altera_reserved_tck'
Slack : 1.203
TNS   : 0.000

Type  : Slow 1200mV 0C Model Minimum Pulse Width 'adc_dco'
Slack : 7.423
TNS   : 0.000

Type  : Slow 1200mV 0C Model Minimum Pulse Width 'clk_50m'
Slack : 9.775
TNS   : 0.000

Type  : Slow 1200mV 0C Model Minimum Pulse Width 'mcu_spi_sck'
Slack : 41.183
TNS   : 0.000

Type  : Slow 1200mV 0C Model Minimum Pulse Width 'altera_reserved_tck'
Slack : 49.482
TNS   : 0.000

Type  : Fast 1200mV 0C Model Setup 'adc_dco'
Slack : 2.545
TNS   : 0.000

Type  : Fast 1200mV 0C Model Setup 'clk_50m'
Slack : 17.475
TNS   : 0.000

Type  : Fast 1200mV 0C Model Setup 'mcu_spi_sck'
Slack : 26.208
TNS   : 0.000

Type  : Fast 1200mV 0C Model Setup 'altera_reserved_tck'
Slack : 46.942
TNS   : 0.000

Type  : Fast 1200mV 0C Model Hold 'adc_dco'
Slack : 0.141
TNS   : 0.000

Type  : Fast 1200mV 0C Model Hold 'altera_reserved_tck'
Slack : 0.186
TNS   : 0.000

Type  : Fast 1200mV 0C Model Hold 'clk_50m'
Slack : 0.187
TNS   : 0.000

Type  : Fast 1200mV 0C Model Hold 'mcu_spi_sck'
Slack : 0.199
TNS   : 0.000

Type  : Fast 1200mV 0C Model Recovery 'altera_reserved_tck'
Slack : 49.456
TNS   : 0.000

Type  : Fast 1200mV 0C Model Removal 'altera_reserved_tck'
Slack : 0.554
TNS   : 0.000

Type  : Fast 1200mV 0C Model Minimum Pulse Width 'adc_dco'
Slack : 7.189
TNS   : 0.000

Type  : Fast 1200mV 0C Model Minimum Pulse Width 'clk_50m'
Slack : 9.434
TNS   : 0.000

Type  : Fast 1200mV 0C Model Minimum Pulse Width 'mcu_spi_sck'
Slack : 40.805
TNS   : 0.000

Type  : Fast 1200mV 0C Model Minimum Pulse Width 'altera_reserved_tck'
Slack : 49.482
TNS   : 0.000

------------------------------------------------------------
